// Vitest Snapshot v1, https://vitest.dev/guide/snapshot.html

exports[`Work > should render 1`] = `
<DocumentFragment>
  <div
    class="sc-blHHSb jAMbyg"
  >
    <h1
      class="sc-gtLWhw gImffP"
    >
      Work
    </h1>
    <p
      class="sc-egkSDF byTfEP"
    >
      新卒でエンジニアになり、2年間正社員エンジニアを経験しました。その後はフリーランスとして活動しています。 正社員の時はWebフロントエンド、バックエンド、インフラ、Windowsアプリ、モバイルアプリ、スマートウォッチアプリ等、領域問わず開発に携わりました。 その時にプロジェクトマネージャや開発責任者の役割も経験しています。 独立してからは主にWebフロントエンドに特化しています。直近ではNext.jsをメインで使っています。
    </p>
  </div>
</DocumentFragment>
`;
